// Jest Snapshot v1, https://goo.gl/fbAQLP

exports[`header render 1`] = `
<header
  className="navbar"
>
  <div
    className="navbar-brand"
  >
    <div
      className="navbar-item"
    >
      Hello
    </div>
    <div
      className="navbar-burger burger"
      data-target="navMenu"
      onClick={[Function]}
    >
      <span />
      <span />
      <span />
    </div>
  </div>
  <div
    className="navbar-menu"
    id="navMenu"
  >
    <div
      className="navbar-end"
    >
      <a
        className="navbar-item"
        href="http://example.com/t1/"
      >
        t1
      </a>
      <a
        className="navbar-item"
        href="http://example.com/t2/"
      >
        t2
      </a>
    </div>
  </div>
</header>
`;
